Using pre-set license
Built from '2021.3/respin/2021.3.45f2-0da89fac8e' branch; Version is '2021.3.45f2 (88f88f591b2e) revision 8976527'; Using compiler version '192829333'; Build Type 'Release'
OS: 'Windows 11  (10.0.22631) 64bit Professional' Language: 'ko' Physical Memory: 16227 MB
BatchMode: 1, IsHumanControllingUs: 0, StartBugReporterOnCrash: 0, Is64bit: 1, IsPro: 1

COMMAND LINE ARGUMENTS:
C:\Program Files\Unity\Hub\Editor\2021.3.45f2\Editor\Unity.exe
-adb2
-batchMode
-noUpm
-name
AssetImportWorker3
-projectPath
E:/01 과제/2학년 1학기/프로그래밍/22559054ShootingGame
-logFile
Logs/AssetImportWorker3.log
-srvPort
51847
Successfully changed project path to: E:/01 과제/2학년 1학기/프로그래밍/22559054ShootingGame
E:/01 과제/2학년 1학기/프로그래밍/22559054ShootingGame
[UnityMemory] Configuration Parameters - Can be set up in boot.config
    "memorysetup-bucket-allocator-granularity=16"
    "memorysetup-bucket-allocator-bucket-count=8"
    "memorysetup-bucket-allocator-block-size=33554432"
    "memorysetup-bucket-allocator-block-count=8"
    "memorysetup-main-allocator-block-size=16777216"
    "memorysetup-thread-allocator-block-size=16777216"
    "memorysetup-gfx-main-allocator-block-size=16777216"
    "memorysetup-gfx-thread-allocator-block-size=16777216"
    "memorysetup-cache-allocator-block-size=4194304"
    "memorysetup-typetree-allocator-block-size=2097152"
    "memorysetup-profiler-bucket-allocator-granularity=16"
    "memorysetup-profiler-bucket-allocator-bucket-count=8"
    "memorysetup-profiler-bucket-allocator-block-size=33554432"
    "memorysetup-profiler-bucket-allocator-block-count=8"
    "memorysetup-profiler-allocator-block-size=16777216"
    "memorysetup-profiler-editor-allocator-block-size=1048576"
    "memorysetup-temp-allocator-size-main=16777216"
    "memorysetup-job-temp-allocator-block-size=2097152"
    "memorysetup-job-temp-allocator-block-size-background=1048576"
    "memorysetup-job-temp-allocator-reduction-small-platforms=262144"
    "memorysetup-temp-allocator-size-background-worker=32768"
    "memorysetup-temp-allocator-size-job-worker=262144"
    "memorysetup-temp-allocator-size-preload-manager=33554432"
    "memorysetup-temp-allocator-size-nav-mesh-worker=65536"
    "memorysetup-temp-allocator-size-audio-worker=65536"
    "memorysetup-temp-allocator-size-cloud-worker=32768"
    "memorysetup-temp-allocator-size-gi-baking-worker=262144"
    "memorysetup-temp-allocator-size-gfx=262144"
Player connection [4960] Host "[IP] 192.168.0.9 [Port] 0 [Flags] 2 [Guid] 2956168545 [EditorId] 2956168545 [Version] 1048832 [Id] WindowsEditor(7,DESKTOP-6KTM316) [Debug] 1 [PackageName] WindowsEditor [ProjectName] Editor" joined multi-casting on [225.0.0.222:54997]...

Player connection [4960] Host "[IP] 192.168.0.9 [Port] 0 [Flags] 2 [Guid] 2956168545 [EditorId] 2956168545 [Version] 1048832 [Id] WindowsEditor(7,DESKTOP-6KTM316) [Debug] 1 [PackageName] WindowsEditor [ProjectName] Editor" joined alternative multi-casting on [225.0.0.222:34997]...

[Physics::Module] Initialized MultithreadedJobDispatcher with {0} workers.
Refreshing native plugins compatible for Editor in 47.02 ms, found 3 plugins.
Preloading 0 native plugins for Editor in 0.00 ms.
Initialize engine version: 2021.3.45f2 (88f88f591b2e)
[Subsystems] Discovering subsystems at path C:/Program Files/Unity/Hub/Editor/2021.3.45f2/Editor/Data/Resources/UnitySubsystems
[Subsystems] Discovering subsystems at path E:/01 과제/2학년 1학기/프로그래밍/22559054ShootingGame/Assets
GfxDevice: creating device client; threaded=0; jobified=0
Direct3D:
    Version:  Direct3D 11.0 [level 11.1]
    Renderer: NVIDIA GeForce RTX 3060 (ID=0x2504)
    Vendor:   NVIDIA
    VRAM:     12113 MB
    Driver:   32.0.15.9186
Initialize mono
Mono path[0] = 'C:/Program Files/Unity/Hub/Editor/2021.3.45f2/Editor/Data/Managed'
Mono path[1] = 'C:/Program Files/Unity/Hub/Editor/2021.3.45f2/Editor/Data/MonoBleedingEdge/lib/mono/unityjit-win32'
Mono config path = 'C:/Program Files/Unity/Hub/Editor/2021.3.45f2/Editor/Data/MonoBleedingEdge/etc'
Using monoOptions --debugger-agent=transport=dt_socket,embedding=1,server=y,suspend=n,address=127.0.0.1:56412
Begin MonoManager ReloadAssembly
Registering precompiled unity dll's ...
Register platform support module: C:/Program Files/Unity/Hub/Editor/2021.3.45f2/Editor/Data/PlaybackEngines/WindowsStandaloneSupport/UnityEditor.WindowsStandalone.Extensions.dll
Registered in 0.003251 seconds.
Native extension for WindowsStandalone target not found
Refreshing native plugins compatible for Editor in 35.54 ms, found 3 plugins.
Preloading 0 native plugins for Editor in 0.00 ms.
Mono: successfully reloaded assembly
- Completed reload, in  0.515 seconds
Domain Reload Profiling:
	ReloadAssembly (515ms)
		BeginReloadAssembly (94ms)
			ExecutionOrderSort (0ms)
			DisableScriptedObjects (0ms)
			BackupInstance (0ms)
			ReleaseScriptingObjects (0ms)
			CreateAndSetChildDomain (1ms)
		EndReloadAssembly (333ms)
			LoadAssemblies (92ms)
			RebuildTransferFunctionScriptingTraits (0ms)
			SetupTypeCache (101ms)
			ReleaseScriptCaches (0ms)
			RebuildScriptCaches (20ms)
			SetupLoadedEditorAssemblies (176ms)
				LogAssemblyErrors (0ms)
				InitializePlatformSupportModulesInManaged (5ms)
				SetLoadedEditorAssemblies (0ms)
				RefreshPlugins (36ms)
				BeforeProcessingInitializeOnLoad (1ms)
				ProcessInitializeOnLoadAttributes (99ms)
				ProcessInitializeOnLoadMethodAttributes (35ms)
				AfterProcessingInitializeOnLoad (0ms)
				EditorAssembliesLoaded (0ms)
			ExecutionOrderSort2 (0ms)
			AwakeInstancesAfterBackupRestoration (0ms)
Platform modules already initialized, skipping
Registering precompiled user dll's ...
Registered in 0.002109 seconds.
Begin MonoManager ReloadAssembly
Native extension for WindowsStandalone target not found
Refreshing native plugins compatible for Editor in 0.39 ms, found 3 plugins.
Preloading 0 native plugins for Editor in 0.00 ms.
Package Manager log level set to [2]
[Package Manager] Server::EnsureServerProcessIsRunning -- launch failed, reason: Unity was launched with the -noUpm command-line argument
[Package Manager] Cannot connect to Unity Package Manager local server
Mono: successfully reloaded assembly
- Completed reload, in  1.112 seconds
Domain Reload Profiling:
	ReloadAssembly (1113ms)
		BeginReloadAssembly (98ms)
			ExecutionOrderSort (0ms)
			DisableScriptedObjects (4ms)
			BackupInstance (0ms)
			ReleaseScriptingObjects (0ms)
			CreateAndSetChildDomain (20ms)
		EndReloadAssembly (941ms)
			LoadAssemblies (75ms)
			RebuildTransferFunctionScriptingTraits (0ms)
			SetupTypeCache (185ms)
			ReleaseScriptCaches (0ms)
			RebuildScriptCaches (33ms)
			SetupLoadedEditorAssemblies (639ms)
				LogAssemblyErrors (0ms)
				InitializePlatformSupportModulesInManaged (3ms)
				SetLoadedEditorAssemblies (0ms)
				RefreshPlugins (0ms)
				BeforeProcessingInitializeOnLoad (42ms)
				ProcessInitializeOnLoadAttributes (573ms)
				ProcessInitializeOnLoadMethodAttributes (15ms)
				AfterProcessingInitializeOnLoad (5ms)
				EditorAssembliesLoaded (0ms)
			ExecutionOrderSort2 (0ms)
			AwakeInstancesAfterBackupRestoration (4ms)
Platform modules already initialized, skipping
========================================================================
Worker process is ready to serve import requests
Launched and connected shader compiler UnityShaderCompiler.exe after 0.06 seconds
Refreshing native plugins compatible for Editor in 0.38 ms, found 3 plugins.
Preloading 0 native plugins for Editor in 0.00 ms.
Unloading 3141 Unused Serialized files (Serialized files now loaded: 0)
Unloading 24 unused Assets / (46.6 KB). Loaded Objects now: 3615.
Memory consumption went from 124.3 MB to 124.3 MB.
Total: 2.079100 ms (FindLiveObjects: 0.149000 ms CreateObjectMapping: 0.063000 ms MarkObjects: 1.810900 ms  DeleteObjects: 0.055500 ms)

AssetImportParameters requested are different than current active one (requested -> active):
  custom:video-decoder-ogg-theora: a1e56fd34408186e4bbccfd4996cb3dc -> 
  custom:container-muxer-webm: aa71ff27fc2769a1b78a27578f13a17b -> 
  custom:container-demuxer-webm: 4f35f7cbe854078d1ac9338744f61a02 -> 
  custom:video-encoder-webm-vp8: eb34c28f22e8b96e1ab97ce403110664 -> 
  custom:CustomObjectIndexerAttribute: bc11b3a6c3213fcdd17b65e7da85e133 -> 
  custom:audio-encoder-webm-vorbis: bf7c407c2cedff20999df2af8eb42d56 -> 
  custom:framework-win-MediaFoundation: 216162199b28c13a410421893ffa2e32 -> 
  custom:SearchIndexIgnoredProperties: e643bd26f0fe6173181afceb89e7c659 -> 
  custom:container-demuxer-ogg: 62fdf1f143b41e24485cea50d1cbac27 -> 
  custom:video-decoder-webm-vp8: 9c59270c3fd7afecdb556c50c9e8de78 -> 
  custom:audio-decoder-ogg-vorbis: bf7c407c2cedff20999df2af8eb42d56 -> 
========================================================================
Received Import Request.
  Time since last request: 58188.243579 seconds.
  path: Assets/Free RPG Icons Pack/Icons/Weapon/Free RPG Icons Pack_Axe_3.png
  artifactKey: Guid(4d14b773d329f484780c89a159aae4ab) Importer(815301076,1909f56bfc062723c751e8b465ee728b)
Number of updated assets reloaded before import = 0
Start importing Assets/Free RPG Icons Pack/Icons/Weapon/Free RPG Icons Pack_Axe_3.png using Guid(4d14b773d329f484780c89a159aae4ab) Importer(815301076,1909f56bfc062723c751e8b465ee728b)  -> (artifact id: '40ce5dc66bc534c6335d34324d182976') in 0.129245 seconds 
Number of asset objects unloaded after import = 3
========================================================================
Received Import Request.
  Time since last request: 0.000036 seconds.
  path: Assets/Free RPG Icons Pack/Icons/Weapon/Free RPG Icons Pack_Sword_2.png
  artifactKey: Guid(f7297527d4fb1e34ca5bd1d2e3cedcd6) Importer(815301076,1909f56bfc062723c751e8b465ee728b)
Number of updated assets reloaded before import = 0
Start importing Assets/Free RPG Icons Pack/Icons/Weapon/Free RPG Icons Pack_Sword_2.png using Guid(f7297527d4fb1e34ca5bd1d2e3cedcd6) Importer(815301076,1909f56bfc062723c751e8b465ee728b)  -> (artifact id: '69a5705c5dc7f95cfc03f5659ab2febb') in 0.026410 seconds 
Number of asset objects unloaded after import = 3
========================================================================
Received Import Request.
  Time since last request: 0.000023 seconds.
  path: Assets/Free RPG Icons Pack/Icons/Weapon/Free RPG Icons Pack_Spear_2.png
  artifactKey: Guid(0de00b4115f2e194a9272c98df2857ef) Importer(815301076,1909f56bfc062723c751e8b465ee728b)
Number of updated assets reloaded before import = 0
Start importing Assets/Free RPG Icons Pack/Icons/Weapon/Free RPG Icons Pack_Spear_2.png using Guid(0de00b4115f2e194a9272c98df2857ef) Importer(815301076,1909f56bfc062723c751e8b465ee728b)  -> (artifact id: '657e62d760450c863bb6f5f2ca04496b') in 0.025669 seconds 
Number of asset objects unloaded after import = 3
========================================================================
Received Import Request.
  Time since last request: 2.403677 seconds.
  path: Assets/Free RPG Icons Pack/Icons/Magic Spell_250507new/Free RPG Icons Pack_Buff_8.png
  artifactKey: Guid(8eb8cc2589d2dd64fb0b9ab9fbd6d8c6) Importer(815301076,1909f56bfc062723c751e8b465ee728b)
Number of updated assets reloaded before import = 0
Start importing Assets/Free RPG Icons Pack/Icons/Magic Spell_250507new/Free RPG Icons Pack_Buff_8.png using Guid(8eb8cc2589d2dd64fb0b9ab9fbd6d8c6) Importer(815301076,1909f56bfc062723c751e8b465ee728b)  -> (artifact id: '5659c21ba0eeef3349bd53668e8c400a') in 0.091116 seconds 
Number of asset objects unloaded after import = 3
========================================================================
Received Import Request.
  Time since last request: 0.000020 seconds.
  path: Assets/Free RPG Icons Pack/Icons/Magic Spell_250507new/Free RPG Icons Pack_Buff_9.png
  artifactKey: Guid(398c109ca83092e47acf169c3346d29c) Importer(815301076,1909f56bfc062723c751e8b465ee728b)
Number of updated assets reloaded before import = 0
Start importing Assets/Free RPG Icons Pack/Icons/Magic Spell_250507new/Free RPG Icons Pack_Buff_9.png using Guid(398c109ca83092e47acf169c3346d29c) Importer(815301076,1909f56bfc062723c751e8b465ee728b)  -> (artifact id: 'e620ec8f319ca59da22eec3f6f669777') in 0.078207 seconds 
Number of asset objects unloaded after import = 3
========================================================================
Received Import Request.
  Time since last request: 0.000034 seconds.
  path: Assets/Free RPG Icons Pack/Icons/Magic Spell_250507new/Free RPG Icons Pack_Debuff_6.png
  artifactKey: Guid(b227d0bda1c3d3744aaa9903dbc90d43) Importer(815301076,1909f56bfc062723c751e8b465ee728b)
Number of updated assets reloaded before import = 0
Start importing Assets/Free RPG Icons Pack/Icons/Magic Spell_250507new/Free RPG Icons Pack_Debuff_6.png using Guid(b227d0bda1c3d3744aaa9903dbc90d43) Importer(815301076,1909f56bfc062723c751e8b465ee728b)  -> (artifact id: '30ea0d8e9d0f4282144d3f4b40430cd8') in 0.074888 seconds 
Number of asset objects unloaded after import = 3
========================================================================
Received Import Request.
  Time since last request: 0.000016 seconds.
  path: Assets/Free RPG Icons Pack/Icons/Magic Spell_250507new/Free RPG Icons Pack_Fire_9.png
  artifactKey: Guid(32695f1744f4a7f419b32569a46faa4e) Importer(815301076,1909f56bfc062723c751e8b465ee728b)
Number of updated assets reloaded before import = 0
Start importing Assets/Free RPG Icons Pack/Icons/Magic Spell_250507new/Free RPG Icons Pack_Fire_9.png using Guid(32695f1744f4a7f419b32569a46faa4e) Importer(815301076,1909f56bfc062723c751e8b465ee728b)  -> (artifact id: '8a75bf83061264b404a70390a3c59386') in 0.103541 seconds 
Number of asset objects unloaded after import = 3
========================================================================
Received Import Request.
  Time since last request: 0.000028 seconds.
  path: Assets/Free RPG Icons Pack/Icons/Magic Spell_250507new/Free RPG Icons Pack_Nature_10.png
  artifactKey: Guid(f01caebbcd095ab4190c851b5cf0d0f8) Importer(815301076,1909f56bfc062723c751e8b465ee728b)
Number of updated assets reloaded before import = 0
Start importing Assets/Free RPG Icons Pack/Icons/Magic Spell_250507new/Free RPG Icons Pack_Nature_10.png using Guid(f01caebbcd095ab4190c851b5cf0d0f8) Importer(815301076,1909f56bfc062723c751e8b465ee728b)  -> (artifact id: '74345a0d002d8a0063e8cbd1f5b44d30') in 0.090652 seconds 
Number of asset objects unloaded after import = 3
========================================================================
Received Import Request.
  Time since last request: 0.000030 seconds.
  path: Assets/Free RPG Icons Pack/Icons/Magic Spell_250507new/Free RPG Icons Pack_Buff_10.png
  artifactKey: Guid(35ca820f87bb0384eb185d056b78ee2d) Importer(815301076,1909f56bfc062723c751e8b465ee728b)
Number of updated assets reloaded before import = 0
Start importing Assets/Free RPG Icons Pack/Icons/Magic Spell_250507new/Free RPG Icons Pack_Buff_10.png using Guid(35ca820f87bb0384eb185d056b78ee2d) Importer(815301076,1909f56bfc062723c751e8b465ee728b)  -> (artifact id: 'b50897dc0afe2d0b0e9202df1456aa42') in 0.075268 seconds 
Number of asset objects unloaded after import = 3
========================================================================
Received Import Request.
  Time since last request: 0.000021 seconds.
  path: Assets/Free RPG Icons Pack/Icons/Magic Spell_250507new/Free RPG Icons Pack_Holy_8.png
  artifactKey: Guid(731656c13aab04f42bc2a9e3576c0e3a) Importer(815301076,1909f56bfc062723c751e8b465ee728b)
Number of updated assets reloaded before import = 0
Start importing Assets/Free RPG Icons Pack/Icons/Magic Spell_250507new/Free RPG Icons Pack_Holy_8.png using Guid(731656c13aab04f42bc2a9e3576c0e3a) Importer(815301076,1909f56bfc062723c751e8b465ee728b)  -> (artifact id: '44d2c0711446ab1c8d3e6eaa77347f5d') in 0.083785 seconds 
Number of asset objects unloaded after import = 3
========================================================================
Received Import Request.
  Time since last request: 0.000024 seconds.
  path: Assets/Free RPG Icons Pack/Icons/Magic Spell_250507new/Free RPG Icons Pack_Water_8.png
  artifactKey: Guid(10f78dfca8c40f14dab0aba23f5cd3a6) Importer(815301076,1909f56bfc062723c751e8b465ee728b)
Number of updated assets reloaded before import = 0
Start importing Assets/Free RPG Icons Pack/Icons/Magic Spell_250507new/Free RPG Icons Pack_Water_8.png using Guid(10f78dfca8c40f14dab0aba23f5cd3a6) Importer(815301076,1909f56bfc062723c751e8b465ee728b)  -> (artifact id: 'c7e945af69792e53a877ba71146f8b22') in 0.116305 seconds 
Number of asset objects unloaded after import = 3
========================================================================
Received Import Request.
  Time since last request: 0.000022 seconds.
  path: Assets/Free RPG Icons Pack/Icons/Magic Spell_250507new/Free RPG Icons Pack_Earth_10.png
  artifactKey: Guid(981741db46bef014382003d572f6ef69) Importer(815301076,1909f56bfc062723c751e8b465ee728b)
Number of updated assets reloaded before import = 0
Start importing Assets/Free RPG Icons Pack/Icons/Magic Spell_250507new/Free RPG Icons Pack_Earth_10.png using Guid(981741db46bef014382003d572f6ef69) Importer(815301076,1909f56bfc062723c751e8b465ee728b)  -> (artifact id: '8c3d1d1c160bb2f20809fe351ce81b46') in 0.094366 seconds 
Number of asset objects unloaded after import = 3
========================================================================
Received Import Request.
  Time since last request: 0.000019 seconds.
  path: Assets/Free RPG Icons Pack/Icons/Magic Spell_250507new/Free RPG Icons Pack_Nature_9.png
  artifactKey: Guid(f24126fd673eeaf4789b71c88cf7c9f6) Importer(815301076,1909f56bfc062723c751e8b465ee728b)
Number of updated assets reloaded before import = 0
Start importing Assets/Free RPG Icons Pack/Icons/Magic Spell_250507new/Free RPG Icons Pack_Nature_9.png using Guid(f24126fd673eeaf4789b71c88cf7c9f6) Importer(815301076,1909f56bfc062723c751e8b465ee728b)  -> (artifact id: '3764410700c44a8a677c75cb2733deed') in 0.089804 seconds 
Number of asset objects unloaded after import = 3
========================================================================
Received Import Request.
  Time since last request: 0.000024 seconds.
  path: Assets/Free RPG Icons Pack/Icons/Magic Spell_250507new/Free RPG Icons Pack_Holy_7.png
  artifactKey: Guid(fbeb45bb42bcf2546a9f883a2357d781) Importer(815301076,1909f56bfc062723c751e8b465ee728b)
Number of updated assets reloaded before import = 0
Start importing Assets/Free RPG Icons Pack/Icons/Magic Spell_250507new/Free RPG Icons Pack_Holy_7.png using Guid(fbeb45bb42bcf2546a9f883a2357d781) Importer(815301076,1909f56bfc062723c751e8b465ee728b)  -> (artifact id: '5d03051db91e61f4483e567023532b52') in 0.082795 seconds 
Number of asset objects unloaded after import = 3
========================================================================
Received Import Request.
  Time since last request: 0.000014 seconds.
  path: Assets/Free RPG Icons Pack/Icons/Magic Spell_250507new/Free RPG Icons Pack_Water_6.png
  artifactKey: Guid(4aa22006ddbdeda42a4577604c8ef34b) Importer(815301076,1909f56bfc062723c751e8b465ee728b)
Number of updated assets reloaded before import = 0
Start importing Assets/Free RPG Icons Pack/Icons/Magic Spell_250507new/Free RPG Icons Pack_Water_6.png using Guid(4aa22006ddbdeda42a4577604c8ef34b) Importer(815301076,1909f56bfc062723c751e8b465ee728b)  -> (artifact id: '6f98c7a54a03ce159d20c50434853837') in 0.110298 seconds 
Number of asset objects unloaded after import = 3
========================================================================
Received Import Request.
  Time since last request: 0.000020 seconds.
  path: Assets/Free RPG Icons Pack/Icons/Magic Spell_250507new/Free RPG Icons Pack_Cold_7.png
  artifactKey: Guid(480b6fd098764e244bde8ee6274e6a45) Importer(815301076,1909f56bfc062723c751e8b465ee728b)
Number of updated assets reloaded before import = 0
Start importing Assets/Free RPG Icons Pack/Icons/Magic Spell_250507new/Free RPG Icons Pack_Cold_7.png using Guid(480b6fd098764e244bde8ee6274e6a45) Importer(815301076,1909f56bfc062723c751e8b465ee728b)  -> (artifact id: '9ee166b099e5092b8ea1c3476d833cf2') in 0.095785 seconds 
Number of asset objects unloaded after import = 3
========================================================================
Received Import Request.
  Time since last request: 0.000021 seconds.
  path: Assets/Free RPG Icons Pack/Icons/Magic Spell_250507new/Free RPG Icons Pack_Dark_7.png
  artifactKey: Guid(53861c79c9a204c448c91c82964dbe75) Importer(815301076,1909f56bfc062723c751e8b465ee728b)
Number of updated assets reloaded before import = 0
Start importing Assets/Free RPG Icons Pack/Icons/Magic Spell_250507new/Free RPG Icons Pack_Dark_7.png using Guid(53861c79c9a204c448c91c82964dbe75) Importer(815301076,1909f56bfc062723c751e8b465ee728b)  -> (artifact id: 'e8cf216fdde57f58b9337a4504be1e44') in 0.084896 seconds 
Number of asset objects unloaded after import = 3
========================================================================
Received Import Request.
  Time since last request: 0.000021 seconds.
  path: Assets/Free RPG Icons Pack/Icons/Magic Spell_250507new/Free RPG Icons Pack_Debuff_9.png
  artifactKey: Guid(f8ede25919673f349b3fae0378f44048) Importer(815301076,1909f56bfc062723c751e8b465ee728b)
Number of updated assets reloaded before import = 0
Start importing Assets/Free RPG Icons Pack/Icons/Magic Spell_250507new/Free RPG Icons Pack_Debuff_9.png using Guid(f8ede25919673f349b3fae0378f44048) Importer(815301076,1909f56bfc062723c751e8b465ee728b)  -> (artifact id: 'd8752116c30cc3706163b5cab7cdda45') in 0.081366 seconds 
Number of asset objects unloaded after import = 3
========================================================================
Received Import Request.
  Time since last request: 3.007193 seconds.
  path: Assets/Free RPG Icons Pack/Icons/Magic Spell_250507new/Free RPG Icons Pack_Wind_8.png
  artifactKey: Guid(3110f6b4fa6cc4144a30d7f6c33720ad) Importer(815301076,1909f56bfc062723c751e8b465ee728b)
Number of updated assets reloaded before import = 0
Start importing Assets/Free RPG Icons Pack/Icons/Magic Spell_250507new/Free RPG Icons Pack_Wind_8.png using Guid(3110f6b4fa6cc4144a30d7f6c33720ad) Importer(815301076,1909f56bfc062723c751e8b465ee728b)  -> (artifact id: '83e508be62c63aa244894a87ea994fb4') in 0.126417 seconds 
Number of asset objects unloaded after import = 3
Editor requested this worker to shutdown with reason: Scaling down because of idle timeout
AssetImportWorker is now disconnected from the server
Process exiting
Exiting without the bug reporter. Application will terminate with return code 0